
June, 2008
License
The Eclipse Foundation makes available all content in thi