t	ïv¸„…¥Á¨àhQ
”é%¨ÌZ	3À¥81 •Æ4‰$¨Žˆÿ8 £:`ù£À¹ ¡^*FiÊ