/**
 * 
 */
/**
 * @author lbenitez
 *
 */
package com.lb