package com.lbenitez.spring.clases;

import javax.persistence.