[[{"location":"C:\\Users\\lbenitez\\.m2\\repository\\org\\springframework\\spring-context\\5.0.9.RELEASE\\spring-context-5.0.9.RELEASE.jar","type":"JAR","hints"