//org.eclipse.ui.commands/state/org.eclipse.ui.navigator.resources.nested.changeProjectPresentation/org.eclipse.ui.commands.radioState=false
//org.eclipse.ui.c